// Jest Snapshot v1, https://goo.gl/fbAQLP

exports[`should render LoadingPage Snapshot 1`] = `
<div
  className="loader"
>
  <img
    className="loader__image"
    src="/images/loading_12.gif"
  />
  <h2>
     Loading Your Expenses 
  </h2>
</div>
`;
